running egg_info
creating ../../build/telemetria/telemetria.egg-info
writing ../../build/telemetria/telemetria.egg-info/PKG-INFO
writing dependency_links to ../../build/telemetria/telemetria.egg-info/dependency_links.txt
writing entry points to ../../build/telemetria/telemetria.egg-info/entry_points.txt
writing requirements to ../../build/telemetria/telemetria.egg-info/requires.txt
writing top-level names to ../../build/telemetria/telemetria.egg-info/top_level.txt
writing manifest file '../../build/telemetria/telemetria.egg-info/SOURCES.txt'
reading manifest file '../../build/telemetria/telemetria.egg-info/SOURCES.txt'
writing manifest file '../../build/telemetria/telemetria.egg-info/SOURCES.txt'
running build
running build_py
creating /home/thailon/Documents/telemetria_eracing/box_telemetry/Nivel_5/ros2_Ws/build/telemetria/build
creating /home/thailon/Documents/telemetria_eracing/box_telemetry/Nivel_5/ros2_Ws/build/telemetria/build/lib
creating /home/thailon/Documents/telemetria_eracing/box_telemetry/Nivel_5/ros2_Ws/build/telemetria/build/lib/telemetria
copying telemetria/__init__.py -> /home/thailon/Documents/telemetria_eracing/box_telemetry/Nivel_5/ros2_Ws/build/telemetria/build/lib/telemetria
copying telemetria/telemetria_publisher.py -> /home/thailon/Documents/telemetria_eracing/box_telemetry/Nivel_5/ros2_Ws/build/telemetria/build/lib/telemetria
running install
running install_lib
creating /home/thailon/Documents/telemetria_eracing/box_telemetry/Nivel_5/ros2_Ws/install/telemetria/lib/python3.10/site-packages/telemetria
copying /home/thailon/Documents/telemetria_eracing/box_telemetry/Nivel_5/ros2_Ws/build/telemetria/build/lib/telemetria/__init__.py -> /home/thailon/Documents/telemetria_eracing/box_telemetry/Nivel_5/ros2_Ws/install/telemetria/lib/python3.10/site-packages/telemetria
copying /home/thailon/Documents/telemetria_eracing/box_telemetry/Nivel_5/ros2_Ws/build/telemetria/build/lib/telemetria/telemetria_publisher.py -> /home/thailon/Documents/telemetria_eracing/box_telemetry/Nivel_5/ros2_Ws/install/telemetria/lib/python3.10/site-packages/telemetria
byte-compiling /home/thailon/Documents/telemetria_eracing/box_telemetry/Nivel_5/ros2_Ws/install/telemetria/lib/python3.10/site-packages/telemetria/__init__.py to __init__.cpython-310.pyc
byte-compiling /home/thailon/Documents/telemetria_eracing/box_telemetry/Nivel_5/ros2_Ws/install/telemetria/lib/python3.10/site-packages/telemetria/telemetria_publisher.py to telemetria_publisher.cpython-310.pyc
running install_data
creating /home/thailon/Documents/telemetria_eracing/box_telemetry/Nivel_5/ros2_Ws/install/telemetria/share/ament_index
creating /home/thailon/Documents/telemetria_eracing/box_telemetry/Nivel_5/ros2_Ws/install/telemetria/share/ament_index/resource_index
creating /home/thailon/Documents/telemetria_eracing/box_telemetry/Nivel_5/ros2_Ws/install/telemetria/share/ament_index/resource_index/packages
copying resource/telemetria -> /home/thailon/Documents/telemetria_eracing/box_telemetry/Nivel_5/ros2_Ws/install/telemetria/share/ament_index/resource_index/packages
copying package.xml -> /home/thailon/Documents/telemetria_eracing/box_telemetry/Nivel_5/ros2_Ws/install/telemetria/share/telemetria
creating /home/thailon/Documents/telemetria_eracing/box_telemetry/Nivel_5/ros2_Ws/install/telemetria/share/telemetria/data
copying telemetria/data/test_can_data.csv -> /home/thailon/Documents/telemetria_eracing/box_telemetry/Nivel_5/ros2_Ws/install/telemetria/share/telemetria/data
running install_egg_info
Copying ../../build/telemetria/telemetria.egg-info to /home/thailon/Documents/telemetria_eracing/box_telemetry/Nivel_5/ros2_Ws/install/telemetria/lib/python3.10/site-packages/telemetria-0.0.0-py3.10.egg-info
running install_scripts
Installing telemetria_publisher script to /home/thailon/Documents/telemetria_eracing/box_telemetry/Nivel_5/ros2_Ws/install/telemetria/lib/telemetria
writing list of installed files to '/home/thailon/Documents/telemetria_eracing/box_telemetry/Nivel_5/ros2_Ws/build/telemetria/install.log'
