[0.397s] Invoking command in '/home/thailon/Documents/telemetria_eracing/box_telemetry/Nivel_5/ros2_Ws/src/telemetria': PYTHONPATH=/home/thailon/Documents/telemetria_eracing/box_telemetry/Nivel_5/ros2_Ws/build/telemetria/prefix_override:/usr/lib/python3/dist-packages/colcon_core/task/python/colcon_distutils_commands:/home/thailon/Documents/telemetria_eracing/box_telemetry/Nivel_5/ros2_Ws/install/telemetria/lib/python3.10/site-packages:${PYTHONPATH} /usr/bin/python3 -W ignore:setup.py install is deprecated -W ignore:easy_install command is deprecated setup.py egg_info --egg-base ../../build/telemetria build --build-base /home/thailon/Documents/telemetria_eracing/box_telemetry/Nivel_5/ros2_Ws/build/telemetria/build install --record /home/thailon/Documents/telemetria_eracing/box_telemetry/Nivel_5/ros2_Ws/build/telemetria/install.log --single-version-externally-managed install_data
[0.535s] running egg_info
[0.535s] creating ../../build/telemetria/telemetria.egg-info
[0.537s] writing ../../build/telemetria/telemetria.egg-info/PKG-INFO
[0.537s] writing dependency_links to ../../build/telemetria/telemetria.egg-info/dependency_links.txt
[0.537s] writing entry points to ../../build/telemetria/telemetria.egg-info/entry_points.txt
[0.537s] writing requirements to ../../build/telemetria/telemetria.egg-info/requires.txt
[0.537s] writing top-level names to ../../build/telemetria/telemetria.egg-info/top_level.txt
[0.537s] writing manifest file '../../build/telemetria/telemetria.egg-info/SOURCES.txt'
[0.538s] reading manifest file '../../build/telemetria/telemetria.egg-info/SOURCES.txt'
[0.539s] writing manifest file '../../build/telemetria/telemetria.egg-info/SOURCES.txt'
[0.539s] running build
[0.539s] running build_py
[0.539s] creating /home/thailon/Documents/telemetria_eracing/box_telemetry/Nivel_5/ros2_Ws/build/telemetria/build
[0.539s] creating /home/thailon/Documents/telemetria_eracing/box_telemetry/Nivel_5/ros2_Ws/build/telemetria/build/lib
[0.539s] creating /home/thailon/Documents/telemetria_eracing/box_telemetry/Nivel_5/ros2_Ws/build/telemetria/build/lib/telemetria
[0.539s] copying telemetria/__init__.py -> /home/thailon/Documents/telemetria_eracing/box_telemetry/Nivel_5/ros2_Ws/build/telemetria/build/lib/telemetria
[0.539s] copying telemetria/telemetria_publisher.py -> /home/thailon/Documents/telemetria_eracing/box_telemetry/Nivel_5/ros2_Ws/build/telemetria/build/lib/telemetria
[0.539s] running install
[0.539s] running install_lib
[0.540s] creating /home/thailon/Documents/telemetria_eracing/box_telemetry/Nivel_5/ros2_Ws/install/telemetria/lib/python3.10/site-packages/telemetria
[0.540s] copying /home/thailon/Documents/telemetria_eracing/box_telemetry/Nivel_5/ros2_Ws/build/telemetria/build/lib/telemetria/__init__.py -> /home/thailon/Documents/telemetria_eracing/box_telemetry/Nivel_5/ros2_Ws/install/telemetria/lib/python3.10/site-packages/telemetria
[0.540s] copying /home/thailon/Documents/telemetria_eracing/box_telemetry/Nivel_5/ros2_Ws/build/telemetria/build/lib/telemetria/telemetria_publisher.py -> /home/thailon/Documents/telemetria_eracing/box_telemetry/Nivel_5/ros2_Ws/install/telemetria/lib/python3.10/site-packages/telemetria
[0.540s] byte-compiling /home/thailon/Documents/telemetria_eracing/box_telemetry/Nivel_5/ros2_Ws/install/telemetria/lib/python3.10/site-packages/telemetria/__init__.py to __init__.cpython-310.pyc
[0.540s] byte-compiling /home/thailon/Documents/telemetria_eracing/box_telemetry/Nivel_5/ros2_Ws/install/telemetria/lib/python3.10/site-packages/telemetria/telemetria_publisher.py to telemetria_publisher.cpython-310.pyc
[0.542s] running install_data
[0.542s] creating /home/thailon/Documents/telemetria_eracing/box_telemetry/Nivel_5/ros2_Ws/install/telemetria/share/ament_index
[0.542s] creating /home/thailon/Documents/telemetria_eracing/box_telemetry/Nivel_5/ros2_Ws/install/telemetria/share/ament_index/resource_index
[0.542s] creating /home/thailon/Documents/telemetria_eracing/box_telemetry/Nivel_5/ros2_Ws/install/telemetria/share/ament_index/resource_index/packages
[0.542s] copying resource/telemetria -> /home/thailon/Documents/telemetria_eracing/box_telemetry/Nivel_5/ros2_Ws/install/telemetria/share/ament_index/resource_index/packages
[0.542s] copying package.xml -> /home/thailon/Documents/telemetria_eracing/box_telemetry/Nivel_5/ros2_Ws/install/telemetria/share/telemetria
[0.542s] creating /home/thailon/Documents/telemetria_eracing/box_telemetry/Nivel_5/ros2_Ws/install/telemetria/share/telemetria/data
[0.542s] copying telemetria/data/test_can_data.csv -> /home/thailon/Documents/telemetria_eracing/box_telemetry/Nivel_5/ros2_Ws/install/telemetria/share/telemetria/data
[0.542s] running install_egg_info
[0.543s] Copying ../../build/telemetria/telemetria.egg-info to /home/thailon/Documents/telemetria_eracing/box_telemetry/Nivel_5/ros2_Ws/install/telemetria/lib/python3.10/site-packages/telemetria-0.0.0-py3.10.egg-info
[0.543s] running install_scripts
[0.556s] Installing telemetria_publisher script to /home/thailon/Documents/telemetria_eracing/box_telemetry/Nivel_5/ros2_Ws/install/telemetria/lib/telemetria
[0.556s] writing list of installed files to '/home/thailon/Documents/telemetria_eracing/box_telemetry/Nivel_5/ros2_Ws/build/telemetria/install.log'
[0.571s] Invoked command in '/home/thailon/Documents/telemetria_eracing/box_telemetry/Nivel_5/ros2_Ws/src/telemetria' returned '0': PYTHONPATH=/home/thailon/Documents/telemetria_eracing/box_telemetry/Nivel_5/ros2_Ws/build/telemetria/prefix_override:/usr/lib/python3/dist-packages/colcon_core/task/python/colcon_distutils_commands:/home/thailon/Documents/telemetria_eracing/box_telemetry/Nivel_5/ros2_Ws/install/telemetria/lib/python3.10/site-packages:${PYTHONPATH} /usr/bin/python3 -W ignore:setup.py install is deprecated -W ignore:easy_install command is deprecated setup.py egg_info --egg-base ../../build/telemetria build --build-base /home/thailon/Documents/telemetria_eracing/box_telemetry/Nivel_5/ros2_Ws/build/telemetria/build install --record /home/thailon/Documents/telemetria_eracing/box_telemetry/Nivel_5/ros2_Ws/build/telemetria/install.log --single-version-externally-managed install_data
