[0.350s] Invoking command in '/home/thailon/Documents/telemetria_eracing/box_telemetry/Nivel_5/ros2_Ws/src/telemetria': PYTHONPATH=/home/thailon/Documents/telemetria_eracing/box_telemetry/Nivel_5/ros2_Ws/build/telemetria/prefix_override:/usr/lib/python3/dist-packages/colcon_core/task/python/colcon_distutils_commands:/home/thailon/Documents/telemetria_eracing/box_telemetry/Nivel_5/ros2_Ws/install/telemetria/lib/python3.10/site-packages:${PYTHONPATH} /usr/bin/python3 -W ignore:setup.py install is deprecated -W ignore:easy_install command is deprecated setup.py egg_info --egg-base ../../build/telemetria build --build-base /home/thailon/Documents/telemetria_eracing/box_telemetry/Nivel_5/ros2_Ws/build/telemetria/build install --record /home/thailon/Documents/telemetria_eracing/box_telemetry/Nivel_5/ros2_Ws/build/telemetria/install.log --single-version-externally-managed install_data
[0.485s] running egg_info
[0.487s] writing ../../build/telemetria/telemetria.egg-info/PKG-INFO
[0.487s] writing dependency_links to ../../build/telemetria/telemetria.egg-info/dependency_links.txt
[0.487s] writing entry points to ../../build/telemetria/telemetria.egg-info/entry_points.txt
[0.487s] writing requirements to ../../build/telemetria/telemetria.egg-info/requires.txt
[0.487s] writing top-level names to ../../build/telemetria/telemetria.egg-info/top_level.txt
[0.488s] reading manifest file '../../build/telemetria/telemetria.egg-info/SOURCES.txt'
[0.489s] writing manifest file '../../build/telemetria/telemetria.egg-info/SOURCES.txt'
[0.489s] running build
[0.489s] running build_py
[0.489s] running install
[0.489s] running install_lib
[0.490s] running install_data
[0.490s] running install_egg_info
[0.491s] removing '/home/thailon/Documents/telemetria_eracing/box_telemetry/Nivel_5/ros2_Ws/install/telemetria/lib/python3.10/site-packages/telemetria-0.0.0-py3.10.egg-info' (and everything under it)
[0.491s] Copying ../../build/telemetria/telemetria.egg-info to /home/thailon/Documents/telemetria_eracing/box_telemetry/Nivel_5/ros2_Ws/install/telemetria/lib/python3.10/site-packages/telemetria-0.0.0-py3.10.egg-info
[0.491s] running install_scripts
[0.503s] Installing telemetria_publisher script to /home/thailon/Documents/telemetria_eracing/box_telemetry/Nivel_5/ros2_Ws/install/telemetria/lib/telemetria
[0.503s] writing list of installed files to '/home/thailon/Documents/telemetria_eracing/box_telemetry/Nivel_5/ros2_Ws/build/telemetria/install.log'
[0.518s] Invoked command in '/home/thailon/Documents/telemetria_eracing/box_telemetry/Nivel_5/ros2_Ws/src/telemetria' returned '0': PYTHONPATH=/home/thailon/Documents/telemetria_eracing/box_telemetry/Nivel_5/ros2_Ws/build/telemetria/prefix_override:/usr/lib/python3/dist-packages/colcon_core/task/python/colcon_distutils_commands:/home/thailon/Documents/telemetria_eracing/box_telemetry/Nivel_5/ros2_Ws/install/telemetria/lib/python3.10/site-packages:${PYTHONPATH} /usr/bin/python3 -W ignore:setup.py install is deprecated -W ignore:easy_install command is deprecated setup.py egg_info --egg-base ../../build/telemetria build --build-base /home/thailon/Documents/telemetria_eracing/box_telemetry/Nivel_5/ros2_Ws/build/telemetria/build install --record /home/thailon/Documents/telemetria_eracing/box_telemetry/Nivel_5/ros2_Ws/build/telemetria/install.log --single-version-externally-managed install_data
