[0.357s] Invoking command in '/home/thailon/Documents/telemetria_eracing/box_telemetry/Nivel_5/ros2_Ws/src/telemetria': PYTHONPATH=/home/thailon/Documents/telemetria_eracing/box_telemetry/Nivel_5/ros2_Ws/build/telemetria/prefix_override:/usr/lib/python3/dist-packages/colcon_core/task/python/colcon_distutils_commands:/home/thailon/Documents/telemetria_eracing/box_telemetry/Nivel_5/ros2_Ws/install/telemetria/lib/python3.10/site-packages:${PYTHONPATH} /usr/bin/python3 -W ignore:setup.py install is deprecated -W ignore:easy_install command is deprecated setup.py egg_info --egg-base ../../build/telemetria build --build-base /home/thailon/Documents/telemetria_eracing/box_telemetry/Nivel_5/ros2_Ws/build/telemetria/build install --record /home/thailon/Documents/telemetria_eracing/box_telemetry/Nivel_5/ros2_Ws/build/telemetria/install.log --single-version-externally-managed install_data
[0.494s] running egg_info
[0.496s] writing ../../build/telemetria/telemetria.egg-info/PKG-INFO
[0.496s] writing dependency_links to ../../build/telemetria/telemetria.egg-info/dependency_links.txt
[0.496s] writing entry points to ../../build/telemetria/telemetria.egg-info/entry_points.txt
[0.496s] writing requirements to ../../build/telemetria/telemetria.egg-info/requires.txt
[0.496s] writing top-level names to ../../build/telemetria/telemetria.egg-info/top_level.txt
[0.497s] reading manifest file '../../build/telemetria/telemetria.egg-info/SOURCES.txt'
[0.498s] writing manifest file '../../build/telemetria/telemetria.egg-info/SOURCES.txt'
[0.498s] running build
[0.498s] running build_py
[0.498s] copying telemetria/telemetria_publisher.py -> /home/thailon/Documents/telemetria_eracing/box_telemetry/Nivel_5/ros2_Ws/build/telemetria/build/lib/telemetria
[0.498s] running install
[0.498s] running install_lib
[0.498s] copying /home/thailon/Documents/telemetria_eracing/box_telemetry/Nivel_5/ros2_Ws/build/telemetria/build/lib/telemetria/telemetria_publisher.py -> /home/thailon/Documents/telemetria_eracing/box_telemetry/Nivel_5/ros2_Ws/install/telemetria/lib/python3.10/site-packages/telemetria
[0.499s] byte-compiling /home/thailon/Documents/telemetria_eracing/box_telemetry/Nivel_5/ros2_Ws/install/telemetria/lib/python3.10/site-packages/telemetria/telemetria_publisher.py to telemetria_publisher.cpython-310.pyc
[0.500s] running install_data
[0.500s] running install_egg_info
[0.501s] removing '/home/thailon/Documents/telemetria_eracing/box_telemetry/Nivel_5/ros2_Ws/install/telemetria/lib/python3.10/site-packages/telemetria-0.0.0-py3.10.egg-info' (and everything under it)
[0.502s] Copying ../../build/telemetria/telemetria.egg-info to /home/thailon/Documents/telemetria_eracing/box_telemetry/Nivel_5/ros2_Ws/install/telemetria/lib/python3.10/site-packages/telemetria-0.0.0-py3.10.egg-info
[0.502s] running install_scripts
[0.514s] Installing telemetria_publisher script to /home/thailon/Documents/telemetria_eracing/box_telemetry/Nivel_5/ros2_Ws/install/telemetria/lib/telemetria
[0.514s] writing list of installed files to '/home/thailon/Documents/telemetria_eracing/box_telemetry/Nivel_5/ros2_Ws/build/telemetria/install.log'
[0.529s] Invoked command in '/home/thailon/Documents/telemetria_eracing/box_telemetry/Nivel_5/ros2_Ws/src/telemetria' returned '0': PYTHONPATH=/home/thailon/Documents/telemetria_eracing/box_telemetry/Nivel_5/ros2_Ws/build/telemetria/prefix_override:/usr/lib/python3/dist-packages/colcon_core/task/python/colcon_distutils_commands:/home/thailon/Documents/telemetria_eracing/box_telemetry/Nivel_5/ros2_Ws/install/telemetria/lib/python3.10/site-packages:${PYTHONPATH} /usr/bin/python3 -W ignore:setup.py install is deprecated -W ignore:easy_install command is deprecated setup.py egg_info --egg-base ../../build/telemetria build --build-base /home/thailon/Documents/telemetria_eracing/box_telemetry/Nivel_5/ros2_Ws/build/telemetria/build install --record /home/thailon/Documents/telemetria_eracing/box_telemetry/Nivel_5/ros2_Ws/build/telemetria/install.log --single-version-externally-managed install_data
